{
  "output0" : [ {
    "$key" : "$value"
  }, {
    "$key" : "$value"
  }, {
    "$key" : "$value"
  } ]
}