{
  "output0" : [ {
    "outputKey" : "outputValue1"
  }, {
    "outputKey" : "outputValue2"
  }, {
    "outputKey" : "outputValue3"
  } ]
}